PHPUnit 10.5.63 by Sebastian Bergmann and contributors.

Runtime:       PHP 8.5.1
Configuration: D:\freelance\login system\phpunit.xml

F                                                                   1 / 1 (100%)

Time: 00:00.424, Memory: 44.00 MB

There was 1 failure:

1) Tests\Feature\Client\DashboardTest::test_dashboard_shows_expiry_warning_when_near
Failed asserting that '<!DOCTYPE html>\n
<html lang="ar" dir="rtl">\n
<head>\n
    <meta charset="utf-8">\n
    <meta name="viewport" content="width=device-width, initial-scale=1">\n
    <meta name="csrf-token" content="eytopu38xMhlO5DIlaW1uXm66kiDHm5NRJYwh0ar">\n
\n
    <title>Laravel</title>\n
\n
    <!-- Fonts -->\n
    <link rel="preconnect" href="https://fonts.googleapis.com">\n
    <link rel="preconnect" href="https://fonts.gstatic.com" crossorigin>\n
            <link href="https://fonts.googleapis.com/css2?family=Noto+Kufi+Arabic:wght@100..900&display=swap" rel="stylesheet">\n
        <style>body { font-family: 'Noto Kufi Arabic', sans-serif; }</style>\n
    \n
    <!-- Alpine.js -->\n
    <script defer src="https://unpkg.com/alpinejs@3.x.x/dist/cdn.min.js"></script>\n
\n
    <!-- Styles -->\n
    <script src="https://cdn.tailwindcss.com"></script>\n
    <style>\n
        [x-cloak] { display: none !important; }\n
        \n
        /* Logical property fallback/enhancement if Tailwind isn't enough */\n
        .ms-4 { margin-inline-start: 1rem; }\n
        .pe-4 { padding-inline-end: 1rem; }\n
    </style>\n
</head>\n
<body class="bg-gray-50 text-gray-900 antialiased min-h-screen flex flex-col">\n
\n
    <nav class="bg-white border-b border-gray-100 py-4 px-6 mb-8 shadow-sm">\n
        <div class="max-w-7xl mx-auto flex justify-between items-center">\n
            <!-- Brand -->\n
            <div class="flex items-center space-x-4 space-x-reverse">\n
                <a href="/" class="text-xl font-bold text-blue-600 tracking-tight">\n
                    Laravel\n
                </a>\n
            </div>\n
\n
            <!-- Nav Links & Switcher -->\n
            <div class="flex items-center space-x-6 space-x-reverse">\n
                \n
                <!-- Role-based links (simple placeholders for now) -->\n
                                                            <a href="/client/dashboard" class="text-sm font-medium hover:text-blue-500 transition-colors">┘ä┘êÏ¡Ï® Ïº┘äÏ¬Ï¡┘â┘à</a>\n
                                        \n
                    <form method="POST" action="/logout" class="inline">\n
                        <input type="hidden" name="_token" value="eytopu38xMhlO5DIlaW1uXm66kiDHm5NRJYwh0ar" autocomplete="off">                        <button type="submit" class="text-sm font-medium text-red-500 hover:text-red-600 transition-colors">\n
                            Ï¬Ï│Ï¼┘è┘ä Ïº┘äÏ«Ï▒┘êÏ¼\n
                        </button>\n
                    </form>\n
                \n
                <!-- Lang Switcher -->\n
                <div class="flex items-center border-s border-gray-200 ps-6 space-x-reverse">\n
                                            <a href="/lang/en" class="text-xs uppercase font-bold text-gray-400 hover:text-blue-600 transition-colors">EN</a>\n
                                    </div>\n
            </div>\n
        </div>\n
    </nav>\n
\n
    <main class="flex-grow max-w-7xl mx-auto px-6 w-full">\n
        <div class="py-12">\n
    <div class="max-w-7xl mx-auto sm:px-6 lg:px-8">\n
        \n
        <!-- Expiry Warning Banner -->\n
                    <div class="mb-8 bg-amber-50 border-l-4 border-amber-400 p-6 rounded-2xl shadow-sm animate-pulse">\n
                <div class="flex items-center">\n
                    <div class="flex-shrink-0 bg-amber-100 p-2 rounded-lg">\n
                        <svg class="h-6 w-6 text-amber-600" fill="none" viewBox="0 0 24 24" stroke="currentColor">\n
                            <path stroke-linecap="round" stroke-linejoin="round" stroke-width="2" d="M12 9v2m0 4h.01m-6.938 4h13.856c1.54 0 2.502-1.667 1.732-3L13.732 4c-.77-1.333-2.694-1.333-3.464 0L3.34 16c-.77 1.333.192 3 1.732 3z" />\n
                        </svg>\n
                    </div>\n
                    <div class="ml-4">\n
                        <h3 class="text-sm font-bold text-amber-900 tracking-tight">┘è┘åÏ¬┘ç┘è ÏºÏ┤Ï¬Ï▒Ïº┘â┘â Ï«┘äÏº┘ä 2 ┘è┘ê┘à. ┘èÏ▒Ï¼┘ë Ïº┘äÏ¬┘êÏºÏÁ┘ä ┘àÏ╣ Ïº┘äÏÑÏ»ÏºÏ▒Ï® ┘ä┘äÏ¬Ï¼Ï»┘èÏ».</h3>\n
                        <p class="mt-1 text-xs text-amber-700 opacity-80">┘èÏ▒Ï¼┘ë Ïº┘äÏ¬┘êÏºÏÁ┘ä ┘àÏ╣ Ïº┘äÏÑÏ»ÏºÏ▒Ï® ┘äÏ¬Ï¼┘åÏ¿ Ïº┘å┘éÏÀÏºÏ╣ Ïº┘äÏ«Ï»┘àÏ®.</p>\n
                    </div>\n
                </div>\n
            </div>\n
        \n
        <!-- Welcome Banner -->\n
        <div class="bg-gradient-to-br from-blue-600 to-indigo-700 overflow-hidden shadow-2xl rounded-3xl p-10 text-white mb-8 relative group">\n
            <div class="relative z-10">\n
                <h1 class="text-4xl font-extrabold mb-2 tracking-tight">┘ä┘êÏ¡Ï® Ïº┘äÏ¬Ï¡┘â┘à</h1>\n
                <p class="text-blue-100 text-lg opacity-90">┘àÏ▒Ï¡Ï¿┘ïÏº Ï¿Ï╣┘êÏ»Ï¬┘â, ┘åÏ¼┘äÏºÏí Ï╣Ï¿Ï» Ïº┘äÏ║┘å┘è ÏÑÏ│┘äÏº┘à Ïº┘äÏ¡┘åÏ¬┘êÏ┤┘è</p>\n
            </div>\n
            <!-- Animated decorative overlays -->\n
            <div class="absolute top-[-2rem] right-[-2rem] w-48 h-48 bg-white opacity-10 rounded-full transition-transform duration-700 group-hover:scale-110"></div>\n
            <div class="absolute bottom-[-1rem] left-[10%] w-24 h-24 bg-white opacity-5 rounded-full transition-transform duration-500 group-hover:-translate-y-4"></div>\n
        </div>\n
\n
        <div class="grid grid-cols-1 md:grid-cols-3 gap-8">\n
            <!-- Client Info Card -->\n
            <div class="bg-white p-8 rounded-2xl shadow-sm border border-gray-100 transform hover:translate-y-[-4px] transition-all duration-300">\n
                <div class="flex items-center space-x-4 space-x-reverse mb-6">\n
                    <div class="bg-blue-50 p-3 rounded-xl border border-blue-100">\n
                        <svg class="w-6 h-6 text-blue-600" fill="none" stroke="currentColor" viewBox="0 0 24 24">\n
                            <path stroke-linecap="round" stroke-linejoin="round" stroke-width="2" d="M19 21V5a2 2 0 00-2-2H7a2 2 0 00-2 2v16m14 0h2m-2 0h-5m-9 0H3m2 0h5M9 7h1m-1 4h1m4-10V4m0 10V4m-4 18V4"></path>\n
                        </svg>\n
                    </div>\n
                    <h2 class="text-xl font-bold text-gray-800 tracking-tight">ÏºÏ│┘à Ïº┘äÏ┤Ï▒┘âÏ®</h2>\n
                </div>\n
                <p class="text-gray-900 text-xl font-semibold">┘à┘âÏ¬Ï¿ Ïº┘ä┘àÏºÏ¼Ï» ┘êÏú┘ê┘äÏºÏ»┘ç</p>\n
                \n
                <div class="mt-8 pt-6 border-t border-gray-50 flex justify-between items-center">\n
                    <span class="text-xs uppercase font-bold text-gray-400 tracking-widest">Ïº┘äÏ¡Ïº┘äÏ®</span>\n
                                            <span class="bg-green-50 text-green-600 px-3 py-1 rounded-full text-xs font-bold border border-green-100 ring-2 ring-green-100 ring-offset-2">\n
                            ┘åÏ┤ÏÀ\n
                        </span>\n
                                    </div>\n
            </div>\n
\n
            <!-- Employee Metric Card -->\n
            <div class="bg-white p-8 rounded-2xl shadow-sm border border-gray-100 transform hover:translate-y-[-4px] transition-all duration-300 group">\n
                <div class="flex items-center space-x-4 space-x-reverse mb-6">\n
                    <div class="bg-indigo-50 p-3 rounded-xl border border-indigo-100 group-hover:bg-indigo-600 group-hover:text-white transition-colors duration-300">\n
                        <svg class="w-6 h-6" fill="none" stroke="currentColor" viewBox="0 0 24 24">\n
                            <path stroke-linecap="round" stroke-linejoin="round" stroke-width="2" d="M17 20h5v-2a3 3 0 00-5.356-1.857M17 20H7m10 0v-2c0-.656-.126-1.283-.356-1.857M7 20H2v-2a3 3 0 015.356-1.857M7 20v-2c0-.656.126-1.283.356-1.857m0 0a5.002 5.002 0 019.288 0M15 7a3 3 0 11-6 0 3 3 0 016 0zm6 3a2 2 0 11-4 0 2 2 0 014 0zM7 10a2 2 0 11-4 0 2 2 0 014 0z"></path>\n
                        </svg>\n
                    </div>\n
                    <h2 class="text-xl font-bold text-gray-800 tracking-tight">Ïº┘ä┘à┘êÏ©┘ü┘ê┘å</h2>\n
                </div>\n
                \n
                <div class="flex items-baseline space-x-2 space-x-reverse">\n
                    <span class="text-5xl font-black text-gray-900">0</span>\n
                    <span class="text-sm font-bold text-gray-400 uppercase tracking-widest">Ïº┘äÏÑÏ¼┘àÏº┘ä┘è</span>\n
                </div>\n
\n
                <div class="mt-8 pt-6 border-t border-gray-50">\n
                    <a href="http://localhost/client/employees" class="flex items-center justify-between group-hover:text-indigo-600 transition-colors">\n
                        <span class="text-sm font-bold uppercase tracking-tight">ÏÑÏ»ÏºÏ▒Ï® Ïº┘ä┘à┘êÏ©┘ü┘è┘å</span>\n
                        <svg class="w-5 h-5 transition-transform group-hover:translate-x-1 rotate-180 group-hover:-translate-x-1" fill="none" stroke="currentColor" viewBox="0 0 24 24">\n
                            <path stroke-linecap="round" stroke-linejoin="round" stroke-width="2" d="M13 7l5 5m0 0l-5 5m5-5H6"></path>\n
                        </svg>\n
                    </a>\n
                </div>\n
            </div>\n
\n
            <!-- Future Feature Placeholder (Reports) -->\n
            <div class="bg-gray-50 p-8 rounded-2xl border-2 border-dashed border-gray-200 flex flex-col items-center justify-center text-center opacity-70">\n
                <div class="p-4 bg-white rounded-2xl shadow-sm mb-4">\n
                    <svg class="w-10 h-10 text-gray-300" fill="none" stroke="currentColor" viewBox="0 0 24 24">\n
                        <path stroke-linecap="round" stroke-linejoin="round" stroke-width="1.5" d="M9 17v-2m3 2v-4m3 4v-6m2 10H7a2 2 0 01-2-2V5a2 2 0 012-2h5.586a1 1 0 01.707.293l5.414 5.414a1 1 0 01.293.707V19a2 2 0 01-2 2z"></path>\n
                    </svg>\n
                </div>\n
                <h3 class="text-sm font-bold text-gray-500 uppercase tracking-widest mb-1">Ïº┘äÏ¬┘éÏºÏ▒┘èÏ▒</h3>\n
                <p class="text-xs text-gray-400">┘éÏ▒┘èÏ¿┘ïÏº</p>\n
            </div>\n
        </div>\n
    </div>\n
</div>\n
    </main>\n
\n
    <footer class="mt-12 py-8 bg-white border-t border-gray-50 text-center text-sm text-gray-400">\n
        <p>&copy; 2026 Laravel. Ï¼┘à┘èÏ╣ Ïº┘äÏ¡┘é┘ê┘é ┘àÏ¡┘ü┘êÏ©Ï®.</p>\n
    </footer>\n
\n
</body>\n
</html>\n
' [UTF-8](length: 9850) contains "┘è┘åÏ¬┘ç┘è ÏºÏ┤Ï¬Ï▒Ïº┘â┘â Ï«┘äÏº┘ä 3 ┘è┘ê┘à. ┘èÏ▒Ï¼┘ë Ïº┘äÏ¬┘êÏºÏÁ┘ä ┘àÏ╣ Ïº┘äÏÑÏ»ÏºÏ▒Ï® ┘ä┘äÏ¬Ï¼Ï»┘èÏ»." [UTF-8](length: 104).

D:\freelance\login system\vendor\laravel\framework\src\Illuminate\Testing\TestResponseAssert.php:45
D:\freelance\login system\vendor\laravel\framework\src\Illuminate\Testing\TestResponse.php:620
D:\freelance\login system\tests\Feature\Client\DashboardTest.php:38

FAILURES!
Tests: 1, Assertions: 2, Failures: 1.
