
Deprecated: Method ReflectionMethod::setAccessible() is deprecated since 8.5, as it has no effect since PHP 8.1 in D:\freelance\login system\vendor\nunomaduro\collision\src\Adapters\Phpunit\ConfigureIO.php on line 37
PHP Deprecated:  Method ReflectionMethod::setAccessible() is deprecated since 8.5, as it has no effect since PHP 8.1 in D:\freelance\login system\vendor\nunomaduro\collision\src\Adapters\Phpunit\ConfigureIO.php on line 37

   FAIL  Tests\Feature\Client\EmployeeAccountTest
  Ô¿» client can create employee account   1.54s  
  Ô¿» cannot create duplicate account      0.04s  
  ÔöÇÔöÇÔöÇÔöÇÔöÇÔöÇÔöÇÔöÇÔöÇÔöÇÔöÇÔöÇÔöÇÔöÇÔöÇÔöÇÔöÇÔöÇÔöÇÔöÇÔöÇÔöÇÔöÇÔöÇÔöÇÔöÇÔöÇÔöÇÔöÇÔöÇÔöÇÔöÇÔöÇÔöÇÔöÇÔöÇÔöÇÔöÇÔöÇÔöÇÔöÇÔöÇÔöÇÔöÇ  
   FAILED  Tests\FeaÔÇª  TokenMismatchException   
  CSRF token mismatch.

  at vendor\laravel\framework\src\Illuminate\Foundation\Http\Middleware\VerifyCsrfToken.php:95
     91Ôûò                 }
     92Ôûò             });
     93Ôûò         }
     94Ôûò 
  Ô×£  95Ôûò         throw new TokenMismatchException('CSRF token mismatch.');
     96Ôûò     }
     97Ôûò 
     98Ôûò     /**
     99Ôûò      * Determine if the HTTP request uses a ÔÇÿreadÔÇÖ verb.

  1   vendor\laravel\framework\src\Illuminate\Foundation\Http\Middleware\VerifyCsrfToken.php:95
  2   vendor\laravel\framework\src\Illuminate\Pipeline\Pipeline.php:209

  ÔöÇÔöÇÔöÇÔöÇÔöÇÔöÇÔöÇÔöÇÔöÇÔöÇÔöÇÔöÇÔöÇÔöÇÔöÇÔöÇÔöÇÔöÇÔöÇÔöÇÔöÇÔöÇÔöÇÔöÇÔöÇÔöÇÔöÇÔöÇÔöÇÔöÇÔöÇÔöÇÔöÇÔöÇÔöÇÔöÇÔöÇÔöÇÔöÇÔöÇÔöÇÔöÇÔöÇÔöÇ  
   FAILED  Tests\Feature\Client\EmployeeAccoÔÇª   
  Expected response status code [201, 301, 302, 303, 307, 308] but received 419.
Failed asserting that false is true.

  at tests\Feature\Client\EmployeeAccountTest.php:60
     56Ôûò             ->post("/client/employees/{$employee->id}/create-account", [
     57Ôûò                 'email' => 'new@test.com',
     58Ôûò             ]);
     59Ôûò 
  Ô×£  60Ôûò         $response->assertRedirect();
     61Ôûò         $response->assertSessionHas('error');
     62Ôûò     }
     63Ôûò }
     64Ôûò


  Tests:    2 failed (1 assertions)
  Duration: 1.82s

